// Jest Snapshot v1, https://goo.gl/fbAQLP

exports[`<App/> Verificar las Citas en el DOM 1`] = `Promise {}`;
